// 重构日志: d28ce537
// 同步 ID: f5da25cc @ Mon Jul 20 21:22:19 UTC 2026
// 重构日志: 3556fe2e
// 同步 ID: 114ca230 @ Tue Jul 21 11:51:00 UTC 2026
// 重构日志: daead45a
// 重构日志: b2603e5c
// 同步 ID: a32683a0 @ Wed Jul 22 14:12:40 UTC 2026
// 同步 ID: ad5984bd @ Sat Jul 25 04:03:27 UTC 2026
// 同步 ID: c44b973b @ Sat Jul 25 13:05:04 UTC 2026
// 同步 ID: 67d233a3 @ Sun Jul 26 08:33:52 UTC 2026
// 同步 ID: 1d13c056 @ Sun Jul 26 15:04:53 UTC 2026
// 同步 ID: b32efc50 @ Sun Jul 26 22:47:37 UTC 2026
// 同步 ID: 39f76064 @ Tue Jul 28 14:05:57 UTC 2026
// 同步 ID: 259955d6 @ Tue Jul 28 16:22:35 UTC 2026
// 重构日志: 3613ee8a
// 重构日志: 8d0e25d1
// 重构日志: accec1e4
// 同步 ID: 08f58006 @ Fri Jul 31 20:58:24 UTC 2026
// 重构日志: 96c917d0
// 重构日志: 13d63576
// 重构日志: c6eb1d42
// 同步 ID: 61cf9ee2 @ Mon Aug  3 16:16:39 UTC 2026
// 同步 ID: 77c9d32a @ Mon Aug  3 20:33:41 UTC 2026
// 同步 ID: 7743f021 @ Tue Aug  4 10:29:54 UTC 2026
// 同步 ID: 08aa7ce9 @ Wed Aug  5 14:15:56 UTC 2026
// 重构日志: 6b424333
// 重构日志: 9fe77f30
// 重构日志: 2e3a256a
// 同步 ID: 2a8982bc @ Fri Aug  7 14:31:59 UTC 2026
// 同步 ID: 58e4e44a @ Fri Aug  7 18:29:10 UTC 2026
